MPLINK 5.08, LINKER
Linker Map File - Created Wed Jul 12 15:59:02 2023

                                 Section Info
                  Section       Type    Address   Location Size(Bytes)
                ---------  ---------  ---------  ---------  ---------
                   .org_0       code   0x000000    program   0x0000a4
                   .cinit    romdata   0x000052    program   0x000004
.config_8007_BUILD/DEFAULT/PRODUCTION/MAIN.O       code   0x008007    program   0x000002
.config_8008_BUILD/DEFAULT/PRODUCTION/MAIN.O       code   0x008008    program   0x000002



                              Program Memory Usage 
                               Start         End      
                           ---------   ---------      
                            0x000000    0x000053      
                            0x008007    0x008008      
            86 out of 16647 program addresses used, program memory utilization is 0%



                              Symbols - Sorted by Name
                     Name    Address   Location    Storage File                     
                ---------  ---------  ---------  --------- ---------                
                LED_DELAY   0x000049    program     static C:\Users\yudai\Desktop\TakasakiLab_PIC2023\PIC\LEDMatrix_16F1938.X\main.asm
          LED_DELAY_JUMP0   0x00004b    program     static C:\Users\yudai\Desktop\TakasakiLab_PIC2023\PIC\LEDMatrix_16F1938.X\main.asm
          LED_DELAY_JUMP1   0x00004d    program     static C:\Users\yudai\Desktop\TakasakiLab_PIC2023\PIC\LEDMatrix_16F1938.X\main.asm
             LIGHT_MATRIX   0x000020    program     static C:\Users\yudai\Desktop\TakasakiLab_PIC2023\PIC\LEDMatrix_16F1938.X\main.asm
                     LOOP   0x00000c    program     static C:\Users\yudai\Desktop\TakasakiLab_PIC2023\PIC\LEDMatrix_16F1938.X\main.asm
                     TEST   0x00000e    program     static C:\Users\yudai\Desktop\TakasakiLab_PIC2023\PIC\LEDMatrix_16F1938.X\main.asm



                              Symbols - Sorted by Address
                     Name    Address   Location    Storage File                     
                ---------  ---------  ---------  --------- ---------                
                     LOOP   0x00000c    program     static C:\Users\yudai\Desktop\TakasakiLab_PIC2023\PIC\LEDMatrix_16F1938.X\main.asm
                     TEST   0x00000e    program     static C:\Users\yudai\Desktop\TakasakiLab_PIC2023\PIC\LEDMatrix_16F1938.X\main.asm
             LIGHT_MATRIX   0x000020    program     static C:\Users\yudai\Desktop\TakasakiLab_PIC2023\PIC\LEDMatrix_16F1938.X\main.asm
                LED_DELAY   0x000049    program     static C:\Users\yudai\Desktop\TakasakiLab_PIC2023\PIC\LEDMatrix_16F1938.X\main.asm
          LED_DELAY_JUMP0   0x00004b    program     static C:\Users\yudai\Desktop\TakasakiLab_PIC2023\PIC\LEDMatrix_16F1938.X\main.asm
          LED_DELAY_JUMP1   0x00004d    program     static C:\Users\yudai\Desktop\TakasakiLab_PIC2023\PIC\LEDMatrix_16F1938.X\main.asm


