MPLINK 5.08, LINKER
Linker Map File - Created Sun Aug 20 21:52:59 2023

                                 Section Info
                  Section       Type    Address   Location Size(Bytes)
                ---------  ---------  ---------  ---------  ---------
                   .org_0       code   0x000000    program   0x0001bc
                   .cinit    romdata   0x0000de    program   0x000004
.config_8007_BUILD/DEFAULT/PRODUCTION/MAIN.O       code   0x008007    program   0x000002
.config_8008_BUILD/DEFAULT/PRODUCTION/MAIN.O       code   0x008008    program   0x000002



                              Program Memory Usage 
                               Start         End      
                           ---------   ---------      
                            0x000000    0x0000df      
                            0x008007    0x008008      
            226 out of 16647 program addresses used, program memory utilization is 1%



                              Symbols - Sorted by Name
                     Name    Address   Location    Storage File                     
                ---------  ---------  ---------  --------- ---------                
                LEDMATRIX   0x0000ac    program     static C:\Users\yudai\Desktop\TakasakiLab_PIC2023\PIC\LEDMatrix_16F1928_New.X\main.asm
           LEDMATRIX_DATA   0x000021    program     static C:\Users\yudai\Desktop\TakasakiLab_PIC2023\PIC\LEDMatrix_16F1928_New.X\main.asm
                LED_DELAY   0x0000d7    program     static C:\Users\yudai\Desktop\TakasakiLab_PIC2023\PIC\LEDMatrix_16F1928_New.X\main.asm
          LED_DELAY_JUMP0   0x0000d9    program     static C:\Users\yudai\Desktop\TakasakiLab_PIC2023\PIC\LEDMatrix_16F1928_New.X\main.asm
                     LOAD   0x000089    program     static C:\Users\yudai\Desktop\TakasakiLab_PIC2023\PIC\LEDMatrix_16F1928_New.X\main.asm
                     LOOP   0x00001a    program     static C:\Users\yudai\Desktop\TakasakiLab_PIC2023\PIC\LEDMatrix_16F1928_New.X\main.asm
               LOOP_JUMP0   0x00001d    program     static C:\Users\yudai\Desktop\TakasakiLab_PIC2023\PIC\LEDMatrix_16F1928_New.X\main.asm



                              Symbols - Sorted by Address
                     Name    Address   Location    Storage File                     
                ---------  ---------  ---------  --------- ---------                
                     LOOP   0x00001a    program     static C:\Users\yudai\Desktop\TakasakiLab_PIC2023\PIC\LEDMatrix_16F1928_New.X\main.asm
               LOOP_JUMP0   0x00001d    program     static C:\Users\yudai\Desktop\TakasakiLab_PIC2023\PIC\LEDMatrix_16F1928_New.X\main.asm
           LEDMATRIX_DATA   0x000021    program     static C:\Users\yudai\Desktop\TakasakiLab_PIC2023\PIC\LEDMatrix_16F1928_New.X\main.asm
                     LOAD   0x000089    program     static C:\Users\yudai\Desktop\TakasakiLab_PIC2023\PIC\LEDMatrix_16F1928_New.X\main.asm
                LEDMATRIX   0x0000ac    program     static C:\Users\yudai\Desktop\TakasakiLab_PIC2023\PIC\LEDMatrix_16F1928_New.X\main.asm
                LED_DELAY   0x0000d7    program     static C:\Users\yudai\Desktop\TakasakiLab_PIC2023\PIC\LEDMatrix_16F1928_New.X\main.asm
          LED_DELAY_JUMP0   0x0000d9    program     static C:\Users\yudai\Desktop\TakasakiLab_PIC2023\PIC\LEDMatrix_16F1928_New.X\main.asm


