MPLINK 5.08, LINKER
Linker Map File - Created Tue Jul 11 18:45:59 2023

                                 Section Info
                  Section       Type    Address   Location Size(Bytes)
                ---------  ---------  ---------  ---------  ---------
                   .org_0       code   0x000000    program   0x0000a0
                   .cinit    romdata   0x000050    program   0x000004
.config_8007_BUILD/DEFAULT/PRODUCTION/MAIN.O       code   0x008007    program   0x000002
.config_8008_BUILD/DEFAULT/PRODUCTION/MAIN.O       code   0x008008    program   0x000002



                              Program Memory Usage 
                               Start         End      
                           ---------   ---------      
                            0x000000    0x000051      
                            0x008007    0x008008      
            84 out of 4359 program addresses used, program memory utilization is 1%



                              Symbols - Sorted by Name
                     Name    Address   Location    Storage File                     
                ---------  ---------  ---------  --------- ---------                
                LED_DELAY   0x000042    program     static C:\Users\yudai\Desktop\TakasakiLab_PIC2023\PIC\LEDMatrix.X\main.asm
          LED_DELAY_JUMP0   0x000044    program     static C:\Users\yudai\Desktop\TakasakiLab_PIC2023\PIC\LEDMatrix.X\main.asm
             LIGHT_MATRIX   0x00001e    program     static C:\Users\yudai\Desktop\TakasakiLab_PIC2023\PIC\LEDMatrix.X\main.asm
                     LOOP   0x00000c    program     static C:\Users\yudai\Desktop\TakasakiLab_PIC2023\PIC\LEDMatrix.X\main.asm
                     TEST   0x00000e    program     static C:\Users\yudai\Desktop\TakasakiLab_PIC2023\PIC\LEDMatrix.X\main.asm
                    TIMER   0x000047    program     static C:\Users\yudai\Desktop\TakasakiLab_PIC2023\PIC\LEDMatrix.X\main.asm
              TIMER_JUMP0   0x000049    program     static C:\Users\yudai\Desktop\TakasakiLab_PIC2023\PIC\LEDMatrix.X\main.asm
              TIMER_JUMP1   0x00004b    program     static C:\Users\yudai\Desktop\TakasakiLab_PIC2023\PIC\LEDMatrix.X\main.asm



                              Symbols - Sorted by Address
                     Name    Address   Location    Storage File                     
                ---------  ---------  ---------  --------- ---------                
                     LOOP   0x00000c    program     static C:\Users\yudai\Desktop\TakasakiLab_PIC2023\PIC\LEDMatrix.X\main.asm
                     TEST   0x00000e    program     static C:\Users\yudai\Desktop\TakasakiLab_PIC2023\PIC\LEDMatrix.X\main.asm
             LIGHT_MATRIX   0x00001e    program     static C:\Users\yudai\Desktop\TakasakiLab_PIC2023\PIC\LEDMatrix.X\main.asm
                LED_DELAY   0x000042    program     static C:\Users\yudai\Desktop\TakasakiLab_PIC2023\PIC\LEDMatrix.X\main.asm
          LED_DELAY_JUMP0   0x000044    program     static C:\Users\yudai\Desktop\TakasakiLab_PIC2023\PIC\LEDMatrix.X\main.asm
                    TIMER   0x000047    program     static C:\Users\yudai\Desktop\TakasakiLab_PIC2023\PIC\LEDMatrix.X\main.asm
              TIMER_JUMP0   0x000049    program     static C:\Users\yudai\Desktop\TakasakiLab_PIC2023\PIC\LEDMatrix.X\main.asm
              TIMER_JUMP1   0x00004b    program     static C:\Users\yudai\Desktop\TakasakiLab_PIC2023\PIC\LEDMatrix.X\main.asm


