MPLINK 5.08, LINKER
Linker Map File - Created Tue Jul 11 18:24:39 2023

                                 Section Info
                  Section       Type    Address   Location Size(Bytes)
                ---------  ---------  ---------  ---------  ---------
                   .org_0       code   0x000000    program   0x00006c
                   .cinit    romdata   0x000036    program   0x000004
.config_8007_BUILD/DEFAULT/PRODUCTION/MAIN.O       code   0x008007    program   0x000002
.config_8008_BUILD/DEFAULT/PRODUCTION/MAIN.O       code   0x008008    program   0x000002



                              Program Memory Usage 
                               Start         End      
                           ---------   ---------      
                            0x000000    0x000037      
                            0x008007    0x008008      
            58 out of 4359 program addresses used, program memory utilization is 1%



                              Symbols - Sorted by Name
                     Name    Address   Location    Storage File                     
                ---------  ---------  ---------  --------- ---------                
                LED_DELAY   0x000031    program     static C:\Users\yudai\Desktop\TakasakiLab_PIC2023\PIC\LEDMatrix.X\main.asm
          LED_DELAY_JUMP0   0x000033    program     static C:\Users\yudai\Desktop\TakasakiLab_PIC2023\PIC\LEDMatrix.X\main.asm
             LIGHT_MATRIX   0x00000d    program     static C:\Users\yudai\Desktop\TakasakiLab_PIC2023\PIC\LEDMatrix.X\main.asm
                     LOOP   0x00000c    program     static C:\Users\yudai\Desktop\TakasakiLab_PIC2023\PIC\LEDMatrix.X\main.asm



                              Symbols - Sorted by Address
                     Name    Address   Location    Storage File                     
                ---------  ---------  ---------  --------- ---------                
                     LOOP   0x00000c    program     static C:\Users\yudai\Desktop\TakasakiLab_PIC2023\PIC\LEDMatrix.X\main.asm
             LIGHT_MATRIX   0x00000d    program     static C:\Users\yudai\Desktop\TakasakiLab_PIC2023\PIC\LEDMatrix.X\main.asm
                LED_DELAY   0x000031    program     static C:\Users\yudai\Desktop\TakasakiLab_PIC2023\PIC\LEDMatrix.X\main.asm
          LED_DELAY_JUMP0   0x000033    program     static C:\Users\yudai\Desktop\TakasakiLab_PIC2023\PIC\LEDMatrix.X\main.asm


